// Jest Snapshot v1, https://goo.gl/fbAQLP

exports[`App matches the snapshot 1`] = `
<section
  className="App mainBody"
>
  <header
    className="headerContainer"
  >
    <Header />
  </header>
  <main
    className="crawlContainer"
  >
    <MyCrawlComponent
      randomFilm={Object {}}
    />
    <input
      className="button skipBtn"
      onClick={[Function]}
      type="button"
      value="skip"
    />
  </main>
</section>
`;
