// Jest Snapshot v1, https://goo.gl/fbAQLP

exports[`Card should match the snapshot with all data passed in 1`] = `
<article
  className="card"
>
  <h3>
    Luke Skywalker
  </h3>
  <ul>
    <li
      key="a419cccb-5c77-47dc-bd37-126515d7ad34"
    >
      H
      e
      i
      g
      h
      t
      : 
      172
    </li>
    <li
      key="80ea2d41-250b-470f-acf5-70a073c29773"
    >
      M
      a
      s
      s
      : 
      77
    </li>
    <li
      key="5d2df254-fea3-4396-a35a-bd21c72c60a4"
    >
      H
      a
      i
      r
      _
      c
      o
      l
      o
      r
      : 
      blond
    </li>
    <li
      key="013552ef-f79c-4f1f-9346-78b358e231b3"
    >
      S
      k
      i
      n
      _
      c
      o
      l
      o
      r
      : 
      fair
    </li>
    <li
      key="a216044a-988b-4488-9712-9d6c621e7386"
    >
      E
      y
      e
      _
      c
      o
      l
      o
      r
      : 
      blue
    </li>
    <li
      key="39274bcd-4071-4725-a422-9f6c34e8ef29"
    >
      B
      i
      r
      t
      h
      _
      y
      e
      a
      r
      : 
      19BBY
    </li>
    <li
      key="d23a3bd2-f1f2-4001-9288-0c6febfb3701"
    >
      G
      e
      n
      d
      e
      r
      : 
      male
    </li>
    <li
      key="139a4826-f518-4c8a-b21a-6663ca73b6e7"
    >
      H
      o
      m
      e
      w
      o
      r
      l
      d
      : 
      https://swapi.co/api/planets/1/
    </li>
    <li
      key="acf9fef8-c87c-4f88-ae85-7a938364ad4b"
    >
      F
      i
      l
      m
      s
      : 
      https://swapi.co/api/films/2/
      https://swapi.co/api/films/6/
      https://swapi.co/api/films/3/
      https://swapi.co/api/films/1/
      https://swapi.co/api/films/7/
    </li>
    <li
      key="37922abf-e2f7-4d18-b999-359755df64ef"
    >
      S
      p
      e
      c
      i
      e
      s
      : 
      https://swapi.co/api/species/1/
    </li>
    <li
      key="11738917-9aa0-458c-8237-3a90c7139acd"
    >
      V
      e
      h
      i
      c
      l
      e
      s
      : 
      https://swapi.co/api/vehicles/14/
      https://swapi.co/api/vehicles/30/
    </li>
    <li
      key="4b13fc26-f6e9-4a61-abd2-0c52df8d083e"
    >
      S
      t
      a
      r
      s
      h
      i
      p
      s
      : 
      https://swapi.co/api/starships/12/
      https://swapi.co/api/starships/22/
    </li>
    <li
      key="ff7aa60c-a8f9-452e-9b8d-2e63eaf2716e"
    >
      C
      r
      e
      a
      t
      e
      d
      : 
      2014-12-09T13:50:51.644000Z
    </li>
    <li
      key="e68511bc-88ff-4e03-b5bb-c59476e55862"
    >
      E
      d
      i
      t
      e
      d
      : 
      2014-12-20T21:17:56.891000Z
    </li>
    <li
      key="b4680819-5ab9-4564-8bb2-a9b95deb87c1"
    >
      U
      r
      l
      : 
      https://swapi.co/api/people/1/
    </li>
  </ul>
  <input
    className="favoriteCard"
    type="button"
    value="Favorite"
  />
</article>
`;
