// Jest Snapshot v1, https://goo.gl/fbAQLP

exports[`Card should match the snapshot with all data passed in 1`] = `
<article
  className="card"
>
  <h3>
    Luke Skywalker
  </h3>
  <ul>
    <li
      key="0f054bcd-b237-46a2-9fda-32459b84ad53"
    >
      H
      e
      i
      g
      h
      t
      : 
      172
    </li>
    <li
      key="2bae18a5-1b12-4f24-beb3-594335a3dc99"
    >
      M
      a
      s
      s
      : 
      77
    </li>
    <li
      key="34a554cf-afd3-4d3b-8fd8-79fa823e2a3b"
    >
      H
      a
      i
      r
      _
      c
      o
      l
      o
      r
      : 
      blond
    </li>
    <li
      key="10d298b8-bfea-4df7-bbdf-c810510fbd0c"
    >
      S
      k
      i
      n
      _
      c
      o
      l
      o
      r
      : 
      fair
    </li>
    <li
      key="d97c71db-6dcd-415f-952a-fefbb3be2cf0"
    >
      E
      y
      e
      _
      c
      o
      l
      o
      r
      : 
      blue
    </li>
    <li
      key="b859c832-c505-4912-a14c-baf49fe2c9ba"
    >
      B
      i
      r
      t
      h
      _
      y
      e
      a
      r
      : 
      19BBY
    </li>
    <li
      key="113b5171-6181-4235-b5c7-c0bf72ec2877"
    >
      G
      e
      n
      d
      e
      r
      : 
      male
    </li>
    <li
      key="0429a6de-7ae8-4288-8b30-a36ab1e5be3a"
    >
      H
      o
      m
      e
      w
      o
      r
      l
      d
      : 
      https://swapi.co/api/planets/1/
    </li>
    <li
      key="593fb6d5-cafc-4876-bccc-73ecef0fc398"
    >
      F
      i
      l
      m
      s
      : 
      https://swapi.co/api/films/2/
      https://swapi.co/api/films/6/
      https://swapi.co/api/films/3/
      https://swapi.co/api/films/1/
      https://swapi.co/api/films/7/
    </li>
    <li
      key="e5aa88df-b067-40ae-8df2-abce69dd07f7"
    >
      S
      p
      e
      c
      i
      e
      s
      : 
      https://swapi.co/api/species/1/
    </li>
    <li
      key="cdda2ee5-15b5-42d1-a966-e02f53c1d00b"
    >
      V
      e
      h
      i
      c
      l
      e
      s
      : 
      https://swapi.co/api/vehicles/14/
      https://swapi.co/api/vehicles/30/
    </li>
    <li
      key="0980d543-c0f7-4528-a41b-924adc0a2ac0"
    >
      S
      t
      a
      r
      s
      h
      i
      p
      s
      : 
      https://swapi.co/api/starships/12/
      https://swapi.co/api/starships/22/
    </li>
    <li
      key="192af763-8186-4c0d-8053-19b56d380fac"
    >
      C
      r
      e
      a
      t
      e
      d
      : 
      2014-12-09T13:50:51.644000Z
    </li>
    <li
      key="cbc63e4b-3d66-437a-96ce-4276205fb28b"
    >
      E
      d
      i
      t
      e
      d
      : 
      2014-12-20T21:17:56.891000Z
    </li>
    <li
      key="1bfa9aaf-ad97-4d27-a26f-d313318a3bf2"
    >
      U
      r
      l
      : 
      https://swapi.co/api/people/1/
    </li>
  </ul>
  <input
    className="favoriteCard"
    type="button"
    value="Favorite"
  />
</article>
`;
